// Jest Snapshot v1, https://goo.gl/fbAQLP

exports[`matches snapshot: case dependent 1`] = `
<React.Fragment>
  <ForwardRef(render)>
    Remove 
    Person
  </ForwardRef(render)>
  <ForwardRef(render)>
    John Doe
  </ForwardRef(render)>
  <ForwardRef(render) />
  <ForwardRef(render)
    fontSize={18}
  >
    Are you sure you want to remove this person?
  </ForwardRef(render)>
  <br />
  <br />
  <ForwardRef(render)>
    You're about to remove John. Removing a person prevents them from being able to apply for this unit as a dependent or from being added to the lease.
  </ForwardRef(render)>
  <ActionButton
    color="primary"
    disabled={false}
    id="submit-btn"
    marginBottom={20}
    marginTop={100}
    onClick={[Function]}
    successGreen={false}
    variant="contained"
  >
    Remove 
    Person
  </ActionButton>
  <ActionButton
    color="primary"
    id="cancel-btn"
    marginBottom={20}
    onClick={[Function]}
    successGreen={false}
    variant="outlined"
  >
    Cancel
  </ActionButton>
</React.Fragment>
`;
