// Jest Snapshot v1, https://goo.gl/fbAQLP

exports[`matches snapshot 1`] = `
<React.Fragment>
  <ForwardRef(render)>
    Add an Income Source
  </ForwardRef(render)>
  <ForwardRef(render)>
    Fill in the details below to add your income source.
  </ForwardRef(render)>
  <img
    alt="coin"
    src="finance.png"
  />
  <ForwardRef(render)
    height={30}
  />
  <UNDEFINED
    financialType={5}
    initialValues={
      Object {
        "estimated_amount": "1111",
        "income_or_asset_type": 10,
      }
    }
    onSubmit={[Function]}
  />
  <BackLink
    to="/income-employment/manual#income"
  />
</React.Fragment>
`;
