// Jest Snapshot v1, https://goo.gl/fbAQLP

exports[`matches snapshot with some financial sources data 1`] = `
<React.Fragment>
  <ForwardRef(render)>
    Income and Asset Verification
  </ForwardRef(render)>
  <ForwardRef(render)>
    Add at least one income source or asset below.
  </ForwardRef(render)>
  <Capsule
    buttonLabel="Add an Income Source"
    expansionPanel={
      <ExistingItemsExpansionPanel
        label="Income Source"
        labelQuantity={1}
      >
        <div>
          <div>
            Employment
          </div>
          <div
            className="css-dufvih"
          >
            $100,000
            /year
          </div>
          <ForwardRef
            style={
              Object {
                "textDecoration": "underline",
              }
            }
            to="/income-employment/manual/financial-sources/123/edit"
          >
            Edit
          </ForwardRef>
        </div>
      </ExistingItemsExpansionPanel>
    }
    label="Income"
    limitReached={false}
    prefix={
      <img
        alt="coin"
        src="finance.png"
      />
    }
    route="/income-employment/manual/add-income"
    tip="TBD"
  />
  <Capsule
    buttonLabel="Add an Asset"
    expansionPanel={
      <ExistingItemsExpansionPanel
        label="Asset"
        labelQuantity={1}
      >
        <div>
          <div>
            Investment
          </div>
          <div
            className="css-dufvih"
          >
            $40,000
          </div>
          <ForwardRef
            style={
              Object {
                "textDecoration": "underline",
              }
            }
            to="/income-employment/manual/financial-sources/123/edit"
          >
            Edit
          </ForwardRef>
        </div>
      </ExistingItemsExpansionPanel>
    }
    label="Assets"
    limitReached={false}
    prefix={
      <img
        alt="piggy bank"
        src="piggy-bank.png"
      />
    }
    route="/income-employment/manual/add-asset"
    tip="TBD"
  />
  <ActionButton
    color="primary"
    marginBottom={20}
    marginTop={40}
    successGreen={false}
    variant="contained"
  >
    Continue
  </ActionButton>
  <BackLink
    to="/income-employment"
  />
</React.Fragment>
`;
