// Jest Snapshot v1, https://goo.gl/fbAQLP

exports[`matches snapshot 1`] = `
<React.Fragment>
  <ForwardRef(render)>
    Verify Your Income
  </ForwardRef(render)>
  <ForwardRef(render)>
    Verifying your income will help us ensure that you qualify for this apartment.
  </ForwardRef(render)>
  <img
    alt="vault"
    src="safe.png"
  />
  <div
    className="css-ztp2fh"
  >
    <div
      className="css-1ezfrk2"
    >
      <img
        alt="padlock"
        className="css-uvjnz5"
        height="28"
        src="padlock.png"
        width="18"
      />
      <ForwardRef(render)>
        <ForwardRef(render)>
          Your data is safe.
        </ForwardRef(render)>
         Bank level encryption is used to connect and your credentials are never stored.
      </ForwardRef(render)>
    </div>
    <div
      className="css-1ezfrk2"
    >
      <GreenCheckIcon />
      <ForwardRef(render)>
        <ForwardRef(render)>
          Your money is safe.
        </ForwardRef(render)>
         This does not authorize any transactions from your account.
      </ForwardRef(render)>
    </div>
    <div
      className="css-1ezfrk2"
    >
      <img
        alt="thunder"
        className="css-uvjnz5"
        height="28"
        src="thunder.jpg"
        width="18"
      />
      <ForwardRef(render)>
        <ForwardRef(render)>
          Link your bank account for instant verification.
        </ForwardRef(render)>
         If your income is directly deposited to your bank account.
      </ForwardRef(render)>
    </div>
  </div>
  <GenericFormDetail
    messages="Some random error"
    type="error"
  />
  <ActionButton
    color="primary"
    marginBottom={20}
    successGreen={false}
    variant="contained"
  >
    Link Bank Account
  </ActionButton>
  <ForwardRef
    className="css-1qj8w5r"
    to="/income-employment/summary"
  >
    <ActionButton
      color="primary"
      marginBottom={20}
      successGreen={false}
      variant="outlined"
    >
      Verify Manually
    </ActionButton>
  </ForwardRef>
</React.Fragment>
`;
