// Jest Snapshot v1, https://goo.gl/fbAQLP

exports[`Credit score color Display color gray when no credit score 1`] = `""`;

exports[`Credit score color Display color green when good credit score 1`] = `""`;

exports[`Credit score color Display color grey when no credit score rating 1`] = `""`;

exports[`Credit score color Display color red when bad credit score 1`] = `""`;

exports[`Credit score color Display color yellow when average credit score 1`] = `""`;

exports[`Display N/A when only credit date is available 1`] = `""`;

exports[`Display adverseFactorsList when Factors 1`] = `""`;

exports[`Display credit data when available 1`] = `""`;

exports[`Do not display adverseFactorsList when no factor and no credit data 1`] = `""`;

exports[`Matches Snapshot if it has an international applicant 1`] = `""`;

exports[`Matches Snapshot when applicant matches do not rent list 1`] = `""`;

exports[`Matches Snapshot when requesting a guarantor 1`] = `""`;

exports[`Matches Snapshot with security deposit 1`] = `""`;

exports[`Matches Snapshot without security deposit 1`] = `""`;
