// Jest Snapshot v1, https://goo.gl/fbAQLP

exports[`NavBlockedStep matches snapshot 1`] = `
<ForwardRef(WithStyles)
  active={true}
>
  <ForwardRef(WithStyles)
    StepIconComponent={[Function]}
    active={true}
    classes={
      Object {
        "root": "css-f2qeki",
      }
    }
  >
    <span
      className="stepBlockedMsg"
    >
      We are waiting for xyz
       Please call us at
       
      <a
        href="tel:123-456-7891"
      >
        123‑456‑7891
      </a>
       
      so we can discuss some other options.
    </span>
  </ForwardRef(WithStyles)>
  <ForwardRef(WithStyles)
    classes={
      Object {
        "root": "css-1lf61q0",
      }
    }
    color="default"
    disabled={false}
    id="viewProgressButton"
    onClick={[Function]}
    variant="outlined"
  >
    View Progress
  </ForwardRef(WithStyles)>
</ForwardRef(WithStyles)>
`;
