// Jest Snapshot v1, https://goo.gl/fbAQLP

exports[`PersistentDrawerLeft - Matches snapshot 1`] = `
<div>
  <ForwardRef(WithStyles) />
  <ForwardRef(WithStyles)
    className="makeStyles-appBar-3"
    color="primary"
    position="fixed"
  >
    <ForwardRef(WithStyles)
      className="makeStyles-toolbar-4"
    >
      <ForwardRef(WithStyles)
        aria-label="Open drawer"
        color="inherit"
        edge="start"
        onClick={[Function]}
      >
        <UNDEFINED />
      </ForwardRef(WithStyles)>
      <BannerLogo />
      <div
        className="makeStyles-avatarWrapper-12"
      >
        <div
          className="makeStyles-avatar-13"
        >
          J
          D
        </div>
        <ForwardRef(WithStyles)
          aria-controls={null}
          aria-haspopup={true}
          onClick={[Function]}
          size="small"
        >
          <UNDEFINED />
        </ForwardRef(WithStyles)>
        <ForwardRef(WithStyles)
          anchorEl={null}
          anchorOrigin={
            Object {
              "horizontal": "right",
              "vertical": "bottom",
            }
          }
          disableAutoFocus={false}
          disableEnforceFocus={false}
          disableRestoreFocus={false}
          id="menu"
          onClose={[Function]}
          onMouseLeave={[Function]}
          open={false}
        >
          <ForwardRef(MenuList)
            className="makeStyles-menuList-5"
          >
            <ForwardRef(WithStyles)
              onClick={[Function]}
            >
              Account
            </ForwardRef(WithStyles)>
            <ForwardRef(WithStyles)
              className="makeStyles-menuListItemDivider-6"
            />
            <ForwardRef(WithStyles)
              onClick={[Function]}
            >
              Logout
            </ForwardRef(WithStyles)>
          </ForwardRef(MenuList)>
        </ForwardRef(WithStyles)>
      </div>
    </ForwardRef(WithStyles)>
    <ProgressBar
      percent={0}
    />
  </ForwardRef(WithStyles)>
  <ForwardRef(WithStyles)
    anchor="left"
    onClose={[Function]}
    open={false}
  >
    <div
      className="makeStyles-list-1"
      role="presentation"
    >
      <ForwardRef(StyledComponent)
        className="makeStyles-section-7 makeStyles-communitySection-8"
      >
        <span />
        <span>
          Unit undefined
        </span>
      </ForwardRef(StyledComponent)>
      <ForwardRef(StyledComponent)
        className="makeStyles-section-7"
      >
        <UNDEFINED
          handleDrawerClose={[Function]}
        />
      </ForwardRef(StyledComponent)>
      <ForwardRef(StyledComponent)
        className="makeStyles-section-7 makeStyles-footer-10"
      >
        <ForwardRef
          target="_blank"
          to="/privacy-policy"
        >
          Privacy
        </ForwardRef>
        <ForwardRef
          target="_blank"
          to="/terms"
        >
          Terms of Use
        </ForwardRef>
        <ForwardRef
          target="_blank"
          to="/faq"
        >
          FAQs
        </ForwardRef>
      </ForwardRef(StyledComponent)>
    </div>
  </ForwardRef(WithStyles)>
  <main>
    <div
      className="makeStyles-drawerHeader-2"
    />
    <div
      className="css-us5k2a"
    />
  </main>
</div>
`;
