// Jest Snapshot v1, https://goo.gl/fbAQLP

exports[`VerticalLinearStepper matches snapshot 1`] = `
<div
  className="makeStyles-root-1"
>
  <ForwardRef(WithStyles)
    activeStep={0}
    orientation="vertical"
  >
    <ForwardRef(WithStyles)
      active={true}
      classes={
        Object {
          "root": "css-1wi6ago",
        }
      }
      onClick={[Function]}
    >
      <ForwardRef(WithStyles)
        completed={false}
        icon=" "
      >
        lease settings
      </ForwardRef(WithStyles)>
    </ForwardRef(WithStyles)>
    <ForwardRef(WithStyles)
      active={false}
      classes={
        Object {
          "root": "",
        }
      }
      onClick={[Function]}
    >
      <ForwardRef(WithStyles)
        completed={false}
        icon=" "
      >
        profile
      </ForwardRef(WithStyles)>
    </ForwardRef(WithStyles)>
    <ForwardRef(WithStyles)
      active={false}
      classes={
        Object {
          "root": "",
        }
      }
      onClick={[Function]}
    >
      <ForwardRef(WithStyles)
        completed={false}
        icon=" "
      >
        income
      </ForwardRef(WithStyles)>
    </ForwardRef(WithStyles)>
    <ForwardRef(WithStyles)
      active={false}
      classes={
        Object {
          "root": "",
        }
      }
      onClick={[Function]}
    >
      <ForwardRef(WithStyles)
        completed={false}
        icon=" "
      >
        fees
      </ForwardRef(WithStyles)>
    </ForwardRef(WithStyles)>
    <ForwardRef(WithStyles)
      active={false}
      classes={
        Object {
          "root": "",
        }
      }
      onClick={[Function]}
    >
      <ForwardRef(WithStyles)
        completed={false}
        icon=" "
      >
        screening
      </ForwardRef(WithStyles)>
    </ForwardRef(WithStyles)>
  </ForwardRef(WithStyles)>
</div>
`;
