// Jest Snapshot v1, https://goo.gl/fbAQLP

exports[`Matches Snapshot 1`] = `
"<HoldingDepositAgreementConfirmation handleContinue={[Function: mockConstructor]} viewDocument={[Function: mockConstructor]} configuration={{...}} profile={{...}}>
  <Styled(h1)>
    <h1 className=\\"css-r7wuwd\\">
      Thanks for Signing!
    </h1>
  </Styled(h1)>
  <Styled(h3)>
    <h3 className=\\"css-1caxa3\\">
      We&#39;ll send you an email with a copy of the signed agreement.
    </h3>
  </Styled(h3)>
  <Styled(img) src=\\"contract.svg\\">
    <img src=\\"contract.svg\\" className=\\"css-1sepv4a\\" />
  </Styled(img)>
  <div className=\\"css-lygmaw\\">
     Unit Unit 14F
  </div>
  <Styled(div) height={40}>
    <div height={40} className=\\"css-vbdlzz\\" />
  </Styled(div)>
  <ActionButton onClick={[Function: mockConstructor]} marginTop={30} marginBottom={20} variant=\\"contained\\" color=\\"primary\\" successGreen={false}>
    <Styled(div) target=\\"_blank\\" href={[undefined]} as=\\"div\\" marginTop={30} marginBottom={20}>
      <div target=\\"_blank\\" href={[undefined]} className=\\"css-g5qjtx\\">
        <WithStyles(ForwardRef(Button)) onClick={[Function: mockConstructor]} classes={{...}} variant=\\"contained\\" color=\\"primary\\" type=\\"submit\\" disabled={[undefined]} fullWidth={true}>
          <ForwardRef(Button) classes={{...}} onClick={[Function: mockConstructor]} variant=\\"contained\\" color=\\"primary\\" type=\\"submit\\" disabled={[undefined]} fullWidth={true}>
            <WithStyles(ForwardRef(ButtonBase)) className=\\"MuiButton-root css-11ldqzb MuiButton-contained MuiButton-containedPrimary MuiButton-fullWidth\\" component=\\"button\\" disabled={false} focusRipple={true} focusVisibleClassName=\\"Mui-focusVisible\\" type=\\"submit\\" onClick={[Function: mockConstructor]}>
              <ForwardRef(ButtonBase) classes={{...}} className=\\"MuiButton-root css-11ldqzb MuiButton-contained MuiButton-containedPrimary MuiButton-fullWidth\\" component=\\"button\\" disabled={false} focusRipple={true} focusVisibleClassName=\\"Mui-focusVisible\\" type=\\"submit\\" onClick={[Function: mockConstructor]}>
                <button className=\\"MuiButtonBase-root MuiButton-root css-11ldqzb MuiButton-contained MuiButton-containedPrimary MuiButton-fullWidth\\" onBlur={[Function (anonymous)]} onClick={[Function: mockConstructor]} onFocus={[Function (anonymous)]} onKeyDown={[Function (anonymous)]} onKeyUp={[Function (anonymous)]} onMouseDown={[Function (anonymous)]} onMouseLeave={[Function (anonymous)]} onMouseUp={[Function (anonymous)]} onDragLeave={[Function (anonymous)]} onTouchEnd={[Function (anonymous)]} onTouchMove={[Function (anonymous)]} onTouchStart={[Function (anonymous)]} tabIndex={0} type=\\"submit\\" disabled={false}>
                  <span className=\\"MuiButton-label css-1405lf9\\">
                    Continue
                  </span>
                  <WithStyles(memo) center={false}>
                    <ForwardRef(TouchRipple) classes={{...}} center={false}>
                      <span className=\\"MuiTouchRipple-root\\">
                        <TransitionGroup component={{...}} exit={true} childFactory={[Function: childFactory]} />
                      </span>
                    </ForwardRef(TouchRipple)>
                  </WithStyles(memo)>
                </button>
              </ForwardRef(ButtonBase)>
            </WithStyles(ForwardRef(ButtonBase))>
          </ForwardRef(Button)>
        </WithStyles(ForwardRef(Button))>
      </div>
    </Styled(div)>
  </ActionButton>
  <ActionButton disabled={true} onClick={[Function: onClick]} href={{...}} variant=\\"outlined\\" marginBottom={20} color=\\"primary\\" successGreen={false}>
    <Styled(div) target=\\"_blank\\" href={{...}} as=\\"div\\" marginTop={[undefined]} marginBottom={20}>
      <div target=\\"_blank\\" href={{...}} className=\\"css-4vllap\\">
        <WithStyles(ForwardRef(Button)) onClick={[Function: onClick]} classes={{...}} variant=\\"outlined\\" color=\\"primary\\" type=\\"submit\\" disabled={true} fullWidth={true}>
          <ForwardRef(Button) classes={{...}} onClick={[Function: onClick]} variant=\\"outlined\\" color=\\"primary\\" type=\\"submit\\" disabled={true} fullWidth={true}>
            <WithStyles(ForwardRef(ButtonBase)) className=\\"MuiButton-root css-11ldqzb MuiButton-outlined MuiButton-outlinedPrimary Mui-disabled css-e1321a MuiButton-fullWidth\\" component=\\"button\\" disabled={true} focusRipple={true} focusVisibleClassName=\\"Mui-focusVisible\\" type=\\"submit\\" onClick={[Function: onClick]}>
              <ForwardRef(ButtonBase) classes={{...}} className=\\"MuiButton-root css-11ldqzb MuiButton-outlined MuiButton-outlinedPrimary Mui-disabled css-e1321a MuiButton-fullWidth\\" component=\\"button\\" disabled={true} focusRipple={true} focusVisibleClassName=\\"Mui-focusVisible\\" type=\\"submit\\" onClick={[Function: onClick]}>
                <button className=\\"MuiButtonBase-root MuiButton-root css-11ldqzb MuiButton-outlined MuiButton-outlinedPrimary Mui-disabled css-e1321a MuiButton-fullWidth Mui-disabled\\" onBlur={[Function (anonymous)]} onClick={[Function: onClick]} onFocus={[Function (anonymous)]} onKeyDown={[Function (anonymous)]} onKeyUp={[Function (anonymous)]} onMouseDown={[Function (anonymous)]} onMouseLeave={[Function (anonymous)]} onMouseUp={[Function (anonymous)]} onDragLeave={[Function (anonymous)]} onTouchEnd={[Function (anonymous)]} onTouchMove={[Function (anonymous)]} onTouchStart={[Function (anonymous)]} tabIndex={-1} type=\\"submit\\" disabled={true}>
                  <span className=\\"MuiButton-label css-1405lf9\\">
                    Review Holding Deposit Agreement
                  </span>
                </button>
              </ForwardRef(ButtonBase)>
            </WithStyles(ForwardRef(ButtonBase))>
          </ForwardRef(Button)>
        </WithStyles(ForwardRef(Button))>
      </div>
    </Styled(div)>
  </ActionButton>
</HoldingDepositAgreementConfirmation>"
`;
