// Jest Snapshot v1, https://goo.gl/fbAQLP

exports[`PaymentTerms Matches snapshot 1`] = `
<React.Fragment>
  <ForwardRef(render)>
    Payment and Holding Deposit Terms
  </ForwardRef(render)>
  <React.Fragment>
    <React.Fragment>
      <ActionButton
        color="primary"
        disabled={null}
        marginBottom={20}
        marginTop={25}
        onClick={[Function]}
        successGreen={false}
        variant="contained"
      >
        Agree and Continue
      </ActionButton>
      <ForwardRef(render)
        className="css-kz97o6"
        onClick={[MockFunction]}
      >
        <UNDEFINED
          classes={
            Object {
              "root": "css-13z8uwt",
            }
          }
        />
         Go Back
      </ForwardRef(render)>
    </React.Fragment>
  </React.Fragment>
</React.Fragment>
`;
