// Jest Snapshot v1, https://goo.gl/fbAQLP

exports[`renders errors from location state 1`] = `
<UnauthenticatedPage>
  <ForwardRef(render)>
    Welcome Back
  </ForwardRef(render)>
  <ForwardRef(render)>
    Sign in to continue with your application.
  </ForwardRef(render)>
  <GenericFormMessage
    messages="You have been logged out"
    type="error"
  />
  <img
    alt="welcome sign"
    height="94"
    src="welcome.jpeg"
    width="118"
  />
  <LoginForm
    buttonText="Sign In"
    handleOnSubmit={[Function]}
    includeRegister={true}
  />
</UnauthenticatedPage>
`;
