// Jest Snapshot v1, https://goo.gl/fbAQLP

exports[`matches snapshot 1`] = `
<form
  autoComplete="off"
  onSubmit={[Function]}
>
  <div
    className="css-3etvz3"
  >
    <ForwardRef(WithStyles)
      container={true}
      spacing={1}
    >
      <ForwardRef(WithStyles)
        item={true}
        xs={12}
      >
        <FormTextInput
          handleBlur={[Function]}
          handleChange={[Function]}
          inputProps={Object {}}
          label="First Name"
          name="first_name"
          submitted={false}
          type="text"
        />
      </ForwardRef(WithStyles)>
      <ForwardRef(WithStyles)
        item={true}
        xs={12}
      >
        <FormTextInput
          handleBlur={[Function]}
          handleChange={[Function]}
          inputProps={Object {}}
          label="Last Name"
          name="last_name"
          submitted={false}
          type="text"
        />
      </ForwardRef(WithStyles)>
      <ForwardRef(WithStyles)
        item={true}
        xs={12}
      >
        <FormTextInput
          handleBlur={[Function]}
          handleChange={[Function]}
          inputProps={Object {}}
          label="Email"
          name="email"
          submitted={false}
          type="text"
        />
      </ForwardRef(WithStyles)>
      <ForwardRef(WithStyles)
        item={true}
        xs={6}
      >
        <PhoneNumberInput
          error={false}
          handleChange={[Function]}
          helperText={null}
          label="Phone Number"
          name="phone_number"
        />
      </ForwardRef(WithStyles)>
      <ForwardRef(WithStyles)
        item={true}
        xs={6}
      >
        <WrappedKeyboardPicker
          KeyboardButtonProps={
            Object {
              "aria-label": "change date",
            }
          }
          allowKeyboardControl={true}
          clearable={true}
          disableFuture={true}
          error={false}
          format="MM/dd/yyyy"
          fullWidth={true}
          helperText="Must be 18 or older"
          id="birthday-picker"
          invalidDateMessage="Invalid Date Format"
          label="Birthday"
          maxDate={1906-08-13T05:00:00.000Z}
          maxDateMessage="Date should not be after maximal date"
          minDate={1901-02-01T05:00:00.000Z}
          minDateMessage="Date should not be before minimal date"
          onBlur={[Function]}
          onChange={[Function]}
          openTo="date"
          placeholder="mm/dd/yyyy"
          value={null}
          views={
            Array [
              "year",
              "date",
            ]
          }
        />
      </ForwardRef(WithStyles)>
      <ForwardRef(WithStyles)
        item={true}
        xs={12}
      />
    </ForwardRef(WithStyles)>
    <_default
      label={
        <React.Fragment>
          By clicking this checkbox, you consent to receiving calls and texts on behalf of
           
          Orchard Co
          via automatic dialing or other technology about apartment listings that may fit your needs. Your consent is not required to enter into a rental transaction or make any purchase. Reply STOP to cancel anytime.
           
          <ForwardRef
            target="_blank"
            to="/privacy-policy"
          >
            Privacy Policy
          </ForwardRef>
        </React.Fragment>
      }
      name="sms_opt_in"
      onChange={[Function]}
    />
    <div
      className="css-14h7q6e"
    >
      <ForwardRef(render)
        onClick={[MockFunction]}
      >
        Change Password
      </ForwardRef(render)>
    </div>
    <ActionButton
      color="primary"
      disabled={false}
      marginBottom={20}
      marginTop={20}
      successGreen={false}
      variant="contained"
    >
      Submit
    </ActionButton>
  </div>
</form>
`;
