// Jest Snapshot v1, https://goo.gl/fbAQLP

exports[`matches snapshot 1`] = `
<div
  className=""
>
  <ForwardRef(render)>
    Application Denied
  </ForwardRef(render)>
  <ForwardRef(render)>
    Unfortunately, we were unable to approve your application.
  </ForwardRef(render)>
  <ForwardRef(render)
    src="cry.svg"
  />
  <div
    className="css-x0fehc"
    id="application-unit"
  >
    Fake Building
     Unit 2B
  </div>
  <AdverseActionNoticeButton
    application={
      Object {
        "events": Array [
          Object {
            "event": "20030",
          },
        ],
        "last_status_change": Object {
          "created_at": "2020-05-06 04:06:23",
        },
        "unit": Object {
          "unit_number": "2B",
        },
      }
    }
    componentType="button"
    marginTop={50}
  />
</div>
`;
