// Jest Snapshot v1, https://goo.gl/fbAQLP

exports[`matches snapshot 1`] = `
<React.Fragment>
  <div>
    <ForwardRef(render)>
      Payment Details
    </ForwardRef(render)>
    <ForwardRef(render)>
      Make sure everything looks good before signing the lease.
    </ForwardRef(render)>
    <PaymentDetailsCard
      payables={Array []}
      profile={
        Object {
          "events": Array [
            Object {
              "event": "20040",
            },
          ],
          "last_status_change": Object {
            "created_at": "2020-05-06 04:06:23",
          },
          "unit": Object {
            "unit_number": null,
          },
        }
      }
    />
  </div>
  <ActionButton
    className="sign-lease"
    color="primary"
    marginTop={30}
    onClick={[Function]}
    successGreen={false}
    variant="contained"
  >
    View & Sign Lease
  </ActionButton>
  <br />
  <ForwardRef(render)
    className="css-vq6rzm"
    onClick={[Function]}
  >
    <UNDEFINED
      classes={
        Object {
          "root": "css-13z8uwt",
        }
      }
    />
     Go Back
  </ForwardRef(render)>
</React.Fragment>
`;
