// Jest Snapshot v1, https://goo.gl/fbAQLP

exports[`matches snapshot 1`] = `
<React.Fragment>
  <ForwardRef(render)>
    Let's Set Up Your Rental Profile
  </ForwardRef(render)>
  <ForwardRef(render)>
    Complete the sections that apply to you and skip the ones that don't.
  </ForwardRef(render)>
  <div>
    <RenterProfileListItem
      label="Other adults will live here"
      name="co_applicants"
      prefix={
        <img
          alt="coapplicants"
          src="coapplicants.png"
        />
      }
    />
    <RenterProfileListItem
      label="I'll need a guarantor"
      name="guarantor"
      prefix={
        <img
          alt="coins"
          src="guarantor.png"
        />
      }
    />
    <RenterProfileListItem
      label="Pets will live here"
      name="pets"
      prefix={
        <img
          alt="dog"
          src="doggie.png"
        />
      }
    />
    <RenterProfileListItem
      label="I'd like a parking space"
      name="parking"
      prefix="🚗"
    />
    <RenterProfileListItem
      label="I'll need extra storage"
      name="storage"
      prefix="🛍️"
    />
  </div>
  <ActionButton
    color="primary"
    marginBottom={27}
    marginTop={60}
    successGreen={false}
    variant="contained"
  >
    Continue
  </ActionButton>
  <BackLink
    to="/"
  />
</React.Fragment>
`;
