// Jest Snapshot v1, https://goo.gl/fbAQLP

exports[`matches snapshot 1`] = `
<React.Fragment>
  <ForwardRef(render)>
    Let's Set Up Your Rental Profile
  </ForwardRef(render)>
  <ForwardRef(render)>
    Complete the sections that apply to you and skip the ones that don't.
  </ForwardRef(render)>
  <div>
    <RenterProfileListItem
      buttonLabel="Invite another roommate"
      existingItemComponent={[Function]}
      existingItems={
        Array [
          Object {
            "first_name": "kreebs",
            "id": 71,
            "is_registered": false,
            "last_name": "mcgreebs",
            "phone_number": "(383) 838-4849",
            "status": "Not Started",
          },
          Object {
            "first_name": "jerry",
            "id": 73,
            "is_registered": true,
            "last_name": "maguire",
            "phone_number": "(333) 888-4449",
            "status": "Completed",
          },
        ]
      }
      existingItemsLabel="Roommates"
      label="I'll be living with roommates"
      name="co_applicants"
      prefix={
        <img
          alt="coapplicants"
          src="coapplicants.png"
        />
      }
      route="/rental-profile/invite-roommates"
      setResendInviteValues={[Function]}
    />
    <RenterProfileListItem
      buttonLabel="Invite a guarantor"
      label="I'll need a guarantor"
      name="guarantor"
      prefix={
        <img
          alt="coins"
          src="guarantor.png"
        />
      }
      route="/rental-profile/invite-guarantor"
      tip="This is a person that agrees to be legally responsible for the apartment, its condition, and the money owed for rent if you are unable to pay."
    />
    <RenterProfileListItem
      buttonLabel="Add a pet"
      label="I'll be living with pets"
      name="pets"
      prefix={
        <img
          alt="dog"
          src="doggie.png"
        />
      }
      route="/rental-profile/pets"
    />
    <RenterProfileListItem
      buttonLabel="Add parking"
      label="I'll need parking"
      name="parking"
      prefix="🚗"
      route="/rental-profile/parking"
    />
    <RenterProfileListItem
      buttonLabel="Add storage"
      label="I'll need storage"
      name="storage"
      prefix="🛍️"
      route="/rental-profile/storage"
    />
  </div>
  <ActionButton
    color="primary"
    disabled={false}
    marginBottom={27}
    marginTop={60}
    onClick={[Function]}
    successGreen={false}
    variant="contained"
  >
    Continue
  </ActionButton>
  <BackLink
    to="/"
  />
</React.Fragment>
`;

exports[`renders ExistingItemsExpansionPanel with coapplicants as existing items 1`] = `
<ExistingRoommate
  item={
    Object {
      "first_name": "kreebs",
      "id": 71,
      "is_registered": false,
      "last_name": "mcgreebs",
      "phone_number": "(383) 838-4849",
      "status": "Not Started",
    }
  }
  setResendInviteValues={[Function]}
/>
`;
